Add component: Footprint Not Found CAPC0402(1005)60_L
Add component: Footprint Not Found CAPC0402(1005)60_L
Add component: Footprint Not Found CAPC0402(1005)60_L
Add component: Footprint Not Found CAPC0402(1005)60_L
Add component: Footprint Not Found BOUR-CM322522_V
Add component: Footprint Not Found RESC1005X40X25ML05T05
Add component: Footprint Not Found RESC1005X40X25ML05T05
Add component: Footprint Not Found SOT95P280X100-6N
Add Pin To Net: Unknown Pin: Pin C1-1
Add Pin To Net: Unknown Pin: Pin C1-2
Add Pin To Net: Unknown Pin: Pin C2-1
Add Pin To Net: Unknown Pin: Pin C2-2
Add Pin To Net: Unknown Pin: Pin C3-1
Add Pin To Net: Unknown Pin: Pin C3-2
Add Pin To Net: Unknown Pin: Pin C4-1
Add Pin To Net: Unknown Pin: Pin C4-2
Add Pin To Net: Unknown Pin: Pin L1-1
Add Pin To Net: Unknown Pin: Pin L1-2
Add Pin To Net: Unknown Pin: Pin R1-1
Add Pin To Net: Unknown Pin: Pin R1-2
Add Pin To Net: Unknown Pin: Pin R2-1
Add Pin To Net: Unknown Pin: Pin R2-2
Add Pin To Net: Unknown Pin: Pin U1-1
Add Pin To Net: Unknown Pin: Pin U1-3
Add Pin To Net: Unknown Pin: Pin U1-4
Add Pin To Net: Unknown Pin: Pin U1-6
Add Class Member: Failed to add class member : Component C1 Capacitor 10µF +/-40% 6.3V 0402
Add Class Member: Failed to add class member : Component C2 Capacitor 10µF +/-40% 6.3V 0402
Add Class Member: Failed to add class member : Component C3 Capacitor 10µF +/-40% 6.3V 0402
Add Class Member: Failed to add class member : Component C4 Capacitor 10µF +/-40% 6.3V 0402
Add Class Member: Failed to add class member : Component L1 CM322522-100KL
Add Class Member: Failed to add class member : Component R1 Resistor 10k +/-1% 0402 100 mW
Add Class Member: Failed to add class member : Component R2 Resistor 10k +/-1% 0402 100 mW
Add Class Member: Failed to add class member : Component U1 AP62300TWU-7
